[DEBUG][Timer:test_timer] events=[
  {"label":"phase1", "ms":10.070, "count":100},
  {"label":"phase2", "ms":5.085, "count":200},
]
[INFO][16979] Test log INFO message
[DEBUG][16979] Test log DEBUG message
[WARN][16980] Test log WARN message
[DEBUG][Logger] severity_histogram={TRACE:0, DEBUG:1, INFO:1, WARN:1, ERROR:0, FATAL:0}, total_bytes=124
[ERROR_CTX] type=FILE_NOT_FOUND msg="test.el missing" at experiment/m145_m146_algo_reader_utils_experiment.cpp:1242
[INFO][16980] EdgeListReader opened: /tmp/philemon_test_edges.el weighted=false
Edge{0->1, w=0.840}Edge{0->2, w=0.701}Edge{1->2, w=0.561}[WARN][16980] Invalid edge line #1: invalid
[INFO][16980] EdgeReader EOF: 7 edges, 1 invalid
[DEBUG][Reader] lines_read=7 bytes=70 rate=50478.9 lines/s
[INFO][16980] VertexReader opened: /tmp/philemon_test_vertices.txt
[INFO][16980] VertexReader EOF: 7 vertices
[DEBUG][Reader] lines_read=7 bytes=28 rate=137846.2 lines/s
[INFO][16980] EdgeListReader opened: /tmp/philemon_test_weighted.wel weighted=true
[INFO][16980] EdgeReader EOF: 3 edges, 0 invalid
[INFO][16980] EdgeListReader opened: /tmp/philemon_test_batch.el weighted=false
[INFO][16982] EdgeReader EOF: 1000 edges, 0 invalid
[DEBUG][16982] Config: unrecognized key 'unknown_key'
[INFO][16982] Config loaded from /tmp/philemon_test.cfg
[DEBUG][DriverConfig] {
  threads=8 seed=123 vertices=50000
  BFS: alpha=15 beta=18 source=42
  SSSP: delta=2.0 source=0
  PR: iters=20 damping=0.8
  insert_delete_ckpt=10000 writer_threads=16 reader_threads=16
}
[DEBUG][DriverConfig] {
  threads=8 seed=123 vertices=50000
  BFS: alpha=15 beta=18 source=42
  SSSP: delta=2.0 source=0
  PR: iters=20 damping=0.8
  insert_delete_ckpt=10000 writer_threads=16 reader_threads=16
}
[WARN][16982] Config file not found: /tmp/nonexistent.cfg, using defaults
[INFO][16982] Generating RMAT graph: V=100000 target_E=1600000
[INFO][17576] [DEBUG][RMAT] V=100000 E=1498247 deg_distribution={0:36802 1:14568 2:13368 4:11974 8:8403 16:5588 32:5862 64:372 128:2218 256:685 512:6 1024:136 2048:17 4096:1 }
[GRAPH] v=0 deg=8126 neighbors=[1(w=7.64) 2(w=0.54) 3(w=3.41) 4(w=3.87) 5(w=3.24) 6(w=6.16) 7(w=8.81) 8(w=7.12) 9(w=8.95) 10(w=7.21) ... +8116 more]
[DEBUG][17579] [BFS] level=1 frontier=8126 edges=8126 mode=TD scout=940243
[DEBUG][17581] [BFS] level=2 frontier=49428 edges=49428 mode=BU scout=940243
[DEBUG][17581] [BFS] level=3 frontier=5469 edges=5469 mode=TD scout=1
[DEBUG][17581] [BFS] level=4 frontier=50 edges=50 mode=TD scout=50
[DEBUG][17581] [BFS] level=5 frontier=0 edges=0 mode=TD scout=0
[DEBUG][BFS Stats] {
  total_edges=63073 td_steps=3 bu_steps=2 switches=2 time_ms=2.58
  frontier_sizes=[1,8126,49428,5469,50]
  edges_per_level=[8126,49428,5469,50,0]
}
[INFO][17583] Generating RMAT graph: V=100000 target_E=1600000
[INFO][18176] [DEBUG][RMAT] V=100000 E=1498247 deg_distribution={0:36802 1:14568 2:13368 4:11974 8:8403 16:5588 32:5862 64:372 128:2218 256:685 512:6 1024:136 2048:17 4096:1 }
[DEBUG][18179] [PR] iter=0 L1=8.283075e-01 dangling=0.000004 top5=[0:5.535771e-03,16384:1.924133e-03,65536:1.886581e-03,2:1.862351e-03,4:1.827850e-03]
[DEBUG][18182] [PR] iter=1 L1=2.489612e-01 dangling=0.000002 top5=[0:4.840470e-03,16384:1.867851e-03,65536:1.860474e-03,2:1.833521e-03,32768:1.828857e-03]
[DEBUG][18185] [PR] iter=2 L1=7.790115e-02 dangling=0.000001 top5=[0:4.778681e-03,16384:1.910718e-03,65536:1.901481e-03,128:1.879491e-03,2:1.878219e-03]
[DEBUG][18192] [PR] iter=5 L1=3.511853e-03 dangling=0.000001 top5=[0:4.661884e-03,16384:1.897986e-03,65536:1.884162e-03,128:1.869699e-03,32768:1.867143e-03]
[DEBUG][18202] [PR] iter=10 L1=1.505272e-03 dangling=0.000001 top5=[0:4.601905e-03,16384:1.873490e-03,65536:1.859599e-03,128:1.845341e-03,32768:1.842858e-03]
[DEBUG][18212] [PR] iter=15 L1=6.363305e-04 dangling=0.000001 top5=[0:4.577108e-03,16384:1.862869e-03,65536:1.849054e-03,128:1.834763e-03,32768:1.832317e-03]
[DEBUG][18220] [PR] iter=19 L1=3.195238e-04 dangling=0.000001 top5=[0:4.568070e-03,16384:1.858997e-03,65536:1.845209e-03,128:1.830906e-03,32768:1.828473e-03]
[DEBUG][PR Stats] iters=20 early_stop=no time_ms=43.44
  residuals=[8.2831e-01,2.4896e-01,7.7901e-02,2.2151e-02,6.0088e-03,3.5119e-03,2.9825e-03,2.5189e-03,2.1229e-03,1.7879e-03,1.5053e-03,1.2672e-03,1.0667e-03,8.9799e-04,7.5592e-04,6.3633e-04,5.3566e-04,4.5091e-04,3.7958e-04,3.1952e-04]
  dangling_sums=[0.000004,0.000002,0.000001,0.000001,0.000001,0.000001,0.000001,0.000001,0.000001,0.000001,0.000001,0.000001,0.000001,0.000001,0.000001,0.000001,0.000001,0.000001,0.000001,0.000001]
[INFO][18223] Generating RMAT graph: V=100000 target_E=1600000
[INFO][18817] [DEBUG][RMAT] V=100000 E=1498247 deg_distribution={0:36802 1:14568 2:13368 4:11974 8:8403 16:5588 32:5862 64:372 128:2218 256:685 512:6 1024:136 2048:17 4096:1 }
[DEBUG][18817] [SSSP] iter=1 bin=0 frontier=1
[DEBUG][18817] [SSSP] iter=2 bin=1 frontier=1605
[DEBUG][18818] [SSSP] iter=3 bin=2 frontier=13717
[DEBUG][18823] [SSSP] iter=4 bin=3 frontier=20313
[DEBUG][18825] [SSSP] iter=5 bin=4 frontier=17171
[DEBUG][SSSP Stats] {
  iters=13 relaxations=2416317 successful=140812 max_bin=13 overflows=0 time_ms=11.95
  distance_histogram={0:1545 1:26215 2:14453 3:7758 4:5194 5:3794 6:1369 7:141 8:51 9:16 10:11 11:3 13:1 999999:39449 }
}
[INFO][18832] Generating RMAT graph: V=100000 target_E=1600000
[INFO][19426] [DEBUG][RMAT] V=100000 E=1498247 deg_distribution={0:36802 1:14568 2:13368 4:11974 8:8403 16:5588 32:5862 64:372 128:2218 256:685 512:6 1024:136 2048:17 4096:1 }
[DEBUG][19428] [WCC] iter=1 merges=72764 change=yes
[DEBUG][19430] [WCC] iter=2 merges=0 change=no
[INFO][19432] [WCC] components=27236 top5=[root=0:sz=72739, root=48522:sz=2, root=28214:sz=2, root=54000:sz=2, root=65157:sz=2]
[DEBUG][WCC Stats] {
  iters=2 total_merges=72764 components=27236 largest=72739 time_ms=6.05
  merges_per_iter=[72764,0]
}
[INFO][19432] Generating RMAT graph: V=100000 target_E=1600000
[INFO][20012] [DEBUG][RMAT] V=100000 E=1498247 deg_distribution={0:36802 1:14568 2:13368 4:11974 8:8403 16:5588 32:5862 64:372 128:2218 256:685 512:6 1024:136 2048:17 4096:1 }
[DEBUG][20012] [BFS] level=1 frontier=8126 edges=8126 mode=TD scout=940243
[DEBUG][20014] [BFS] level=2 frontier=49428 edges=49428 mode=BU scout=940243
[DEBUG][20015] [BFS] level=3 frontier=5469 edges=5469 mode=TD scout=1
[DEBUG][20015] [BFS] level=4 frontier=50 edges=50 mode=TD scout=50
[DEBUG][20015] [BFS] level=5 frontier=0 edges=0 mode=TD scout=0
[DEBUG][20017] [WCC] iter=1 merges=72764 change=yes
[DEBUG][20019] [WCC] iter=2 merges=0 change=no
[INFO][20021] [WCC] components=27236 top5=[root=0:sz=72739, root=48522:sz=2, root=28214:sz=2, root=54000:sz=2, root=65157:sz=2]
[INFO][20022] Generating RMAT graph: V=100000 target_E=1600000
[INFO][20599] [DEBUG][RMAT] V=100000 E=1498247 deg_distribution={0:36802 1:14568 2:13368 4:11974 8:8403 16:5588 32:5862 64:372 128:2218 256:685 512:6 1024:136 2048:17 4096:1 }
[DEBUG][20599] [BFS] level=1 frontier=8126 edges=8126 mode=TD scout=940243
[DEBUG][20601] [BFS] level=2 frontier=49428 edges=49428 mode=BU scout=940243
[DEBUG][20602] [BFS] level=3 frontier=5469 edges=5469 mode=TD scout=1
[DEBUG][20602] [BFS] level=4 frontier=50 edges=50 mode=TD scout=50
[DEBUG][20602] [BFS] level=5 frontier=0 edges=0 mode=TD scout=0
[DEBUG][20605] [PR] iter=0 L1=8.283075e-01 dangling=0.000004 top5=[0:5.535771e-03,16384:1.924133e-03,65536:1.886581e-03,2:1.862351e-03,4:1.827850e-03]
[DEBUG][20608] [PR] iter=1 L1=2.489612e-01 dangling=0.000002 top5=[0:4.840470e-03,16384:1.867851e-03,65536:1.860474e-03,2:1.833521e-03,32768:1.828857e-03]
[DEBUG][20610] [PR] iter=2 L1=7.790115e-02 dangling=0.000001 top5=[0:4.778681e-03,16384:1.910718e-03,65536:1.901481e-03,128:1.879491e-03,2:1.878219e-03]
[DEBUG][20617] [PR] iter=5 L1=3.511853e-03 dangling=0.000001 top5=[0:4.661884e-03,16384:1.897986e-03,65536:1.884162e-03,128:1.869699e-03,32768:1.867143e-03]
[DEBUG][20627] [PR] iter=10 L1=1.505272e-03 dangling=0.000001 top5=[0:4.601905e-03,16384:1.873490e-03,65536:1.859599e-03,128:1.845341e-03,32768:1.842858e-03]
[DEBUG][20637] [PR] iter=15 L1=6.363305e-04 dangling=0.000001 top5=[0:4.577108e-03,16384:1.862869e-03,65536:1.849054e-03,128:1.834763e-03,32768:1.832317e-03]
[DEBUG][20645] [PR] iter=19 L1=3.195238e-04 dangling=0.000001 top5=[0:4.568070e-03,16384:1.858997e-03,65536:1.845209e-03,128:1.830906e-03,32768:1.828473e-03]
[DEBUG][20645] [SSSP] iter=1 bin=0 frontier=1
[DEBUG][20645] [SSSP] iter=2 bin=1 frontier=1605
[DEBUG][20646] [SSSP] iter=3 bin=2 frontier=13717
[DEBUG][20651] [SSSP] iter=4 bin=3 frontier=20313
[DEBUG][20653] [SSSP] iter=5 bin=4 frontier=17171
[DEBUG][20659] [WCC] iter=1 merges=72764 change=yes
[DEBUG][20660] [WCC] iter=2 merges=0 change=no
[INFO][20662] [WCC] components=27236 top5=[root=0:sz=72739, root=48522:sz=2, root=28214:sz=2, root=54000:sz=2, root=65157:sz=2]
[DEBUG][Timer:FullBench] events=[
  {"label":"graph_gen", "ms":577.833, "count":1498247},
  {"label":"BFS", "ms":2.442, "count":63073},
  {"label":"PageRank", "ms":43.167, "count":20},
  {"label":"SSSP", "ms":11.254, "count":140812},
  {"label":"WCC", "ms":6.234, "count":72764},
]
[DEBUG][Logger] severity_histogram={TRACE:0, DEBUG:47, INFO:25, WARN:3, ERROR:0, FATAL:0}, total_bytes=7013
