═══════════════════════════════════════════════════════
 M145-M146: Algo/Reader/Utils Deep Experiment
 Scale=10000 Threads=32
 Coverage: BFS(302) + PR(159) + SSSP(175) + WCC(137)
           + readers(248) + utils(1031) = ~2052 upstream lines
═══════════════════════════════════════════════════════

=== Test 1: Timer + Log (upstream Timer.h + log/) ===
  PASS: Timer lap >= 5ms (got 10.071253ms)
  PASS: Timer lap2 >= 2ms
  PASS: Timer total >= 10ms (got 15.160706ms)
  PASS: Log + Timer integration works

=== Test 2: Error types (upstream error_type/) ===
  PASS: Error type FILE_NOT_FOUND
  PASS: error_str(SUCCESS)

=== Test 3: Readers (upstream readers/) ===
  PASS: EdgeReader read 7 edges (got 7)
  PASS: VertexReader read 7 vertices (got 7)
  PASS: Weighted reader read 3 edges
  PASS: Batch read 500 (got 500)
  PASS: Batch read remaining 500 (got 500)

=== Test 4: Config parser (upstream commandLineParser — 583+117 lines) ===
  PASS: Config num_threads=8
  PASS: Config alpha=15
  PASS: Config beta=18
  PASS: Config bfs_source=42
  PASS: Config num_iterations=20
  PASS: Config damping=0.85
  PASS: Config num_vertices=50000
  PASS: Config validation passes
  PASS: parse_op bfs
  PASS: parse_op sssp
  PASS: parse_op pr
  PASS: parse_op wcc
  PASS: parse_op tc
  PASS: parse_op mixed
  PASS: parse_ts full
  PASS: parse_ts high_degree
  PASS: Default alpha=15 on missing file

=== Test 5: BFS (upstream BFS.cpp — 302 lines) ===
  PASS: BFS source distance = 0
  PASS: BFS reached 7408 vertices
  PASS: BFS max distance = 4
  PASS: BFS traversed 7407 edges
  PASS: BFS performed steps
  BFS: 7408/10000 reachable, max_dist=4, time=0.32ms

=== Test 6: PageRank (upstream pageRank.cpp — 159 lines) ===
  PASS: PR scores sum ~1.0 (got 0.996880)
  PASS: PR ran 20 iterations
  PASS: PR converging (first residual=0.901616 last=0.000332)
  PR: 20 iters, final_L1=3.32e-04, time=2.88ms

=== Test 7: SSSP (upstream SSSP.cpp — 175 lines) ===
  PASS: SSSP source distance = 0
  PASS: SSSP relaxations > 0
  PASS: SSSP successful relaxations > 0
  PASS: SSSP reached 7095 vertices
  SSSP: 7095/10000 reachable, max_dist=22.18, relaxations=15598, time=0.90ms

=== Test 8: WCC (upstream WCC.cpp — 137 lines) ===
  PASS: WCC found 1715 components
  PASS: WCC largest component = 8286
  PASS: WCC 2 iterations
  PASS: WCC total_merges = 8285
  PASS: WCC all component IDs valid
  WCC: 1715 components, largest=8286, merges=8285, time=0.53ms

=== Test 9: Cross-algorithm BFS/WCC consistency ===
  PASS: WCC component(8286) >= BFS reachable/2(3704)
  Consistency: BFS_reachable=7408 WCC_source_comp=8286

=== Test 10: Full benchmark at scale=10000 ===
  PASS: Full benchmark completed

  ┌─────────────┬───────────┬──────────────────────┐
  │ Algorithm   │ Time (ms) │ Key metric           │
  ├─────────────┼───────────┼──────────────────────┤
  │ BFS         │      0.28 │ 7408 reachable          │
  │ PageRank    │      2.88 │ 20 iters, L1=3.32e-04    │
  │ SSSP        │      0.91 │ 15598 relaxations       │
  │ WCC         │      0.53 │ 1715 components        │
  └─────────────┴───────────┴──────────────────────┘

═══════════════════════════════════════════════════════
 Results: 47 PASS, 0 FAIL
═══════════════════════════════════════════════════════
