[DEBUG][Timer:test_timer] events=[
  {"label":"phase1", "ms":10.063, "count":100},
  {"label":"phase2", "ms":5.096, "count":200},
]
[INFO][20701] Test log INFO message
[DEBUG][20701] Test log DEBUG message
[WARN][20701] Test log WARN message
[DEBUG][Logger] severity_histogram={TRACE:0, DEBUG:1, INFO:1, WARN:1, ERROR:0, FATAL:0}, total_bytes=124
[ERROR_CTX] type=FILE_NOT_FOUND msg="test.el missing" at experiment/m145_m146_algo_reader_utils_experiment.cpp:1242
[INFO][20702] EdgeListReader opened: /tmp/philemon_test_edges.el weighted=false
Edge{0->1, w=0.840}Edge{0->2, w=0.701}Edge{1->2, w=0.561}[WARN][20702] Invalid edge line #1: invalid
[INFO][20702] EdgeReader EOF: 7 edges, 1 invalid
[DEBUG][Reader] lines_read=7 bytes=70 rate=49864.3 lines/s
[INFO][20702] VertexReader opened: /tmp/philemon_test_vertices.txt
[INFO][20702] VertexReader EOF: 7 vertices
[DEBUG][Reader] lines_read=7 bytes=28 rate=138512.1 lines/s
[INFO][20702] EdgeListReader opened: /tmp/philemon_test_weighted.wel weighted=true
[INFO][20702] EdgeReader EOF: 3 edges, 0 invalid
[INFO][20702] EdgeListReader opened: /tmp/philemon_test_batch.el weighted=false
[INFO][20704] EdgeReader EOF: 1000 edges, 0 invalid
[DEBUG][20704] Config: unrecognized key 'unknown_key'
[INFO][20704] Config loaded from /tmp/philemon_test.cfg
[DEBUG][DriverConfig] {
  threads=8 seed=123 vertices=50000
  BFS: alpha=15 beta=18 source=42
  SSSP: delta=2.0 source=0
  PR: iters=20 damping=0.8
  insert_delete_ckpt=10000 writer_threads=16 reader_threads=16
}
[DEBUG][DriverConfig] {
  threads=8 seed=123 vertices=50000
  BFS: alpha=15 beta=18 source=42
  SSSP: delta=2.0 source=0
  PR: iters=20 damping=0.8
  insert_delete_ckpt=10000 writer_threads=16 reader_threads=16
}
[WARN][20704] Config file not found: /tmp/nonexistent.cfg, using defaults
[INFO][20704] Generating RMAT graph: V=1000000 target_E=16000000
[INFO][27578] [DEBUG][RMAT] V=1000000 E=15360228 deg_distribution={0:466931 1:140907 2:115899 4:96081 8:51490 16:67200 32:17144 64:22645 128:15505 256:2 512:4845 1024:1135 2048:5 4096:190 8192:20 32768:1 }
[GRAPH] v=0 deg=38007 neighbors=[1(w=3.35) 2(w=5.14) 3(w=2.04) 4(w=0.85) 5(w=3.73) 6(w=1.43) 7(w=3.01) 8(w=9.00) 9(w=9.85) 10(w=6.38) ... +37997 more]
[DEBUG][27595] [BFS] level=1 frontier=38007 edges=38007 mode=TD scout=9089003
[DEBUG][27615] [BFS] level=2 frontier=433157 edges=433157 mode=BU scout=9089003
[DEBUG][27619] [BFS] level=3 frontier=60582 edges=60582 mode=BU scout=9089003
[DEBUG][27622] [BFS] level=4 frontier=503 edges=503 mode=TD scout=1
[DEBUG][27622] [BFS] level=5 frontier=9 edges=9 mode=TD scout=9
[DEBUG][BFS Stats] {
  total_edges=532258 td_steps=3 bu_steps=3 switches=2 time_ms=26.97
  frontier_sizes=[1,38007,433157,60582,503,9]
  edges_per_level=[38007,433157,60582,503,9,0]
}
[INFO][27637] Generating RMAT graph: V=1000000 target_E=16000000
[INFO][34508] [DEBUG][RMAT] V=1000000 E=15360228 deg_distribution={0:466931 1:140907 2:115899 4:96081 8:51490 16:67200 32:17144 64:22645 128:15505 256:2 512:4845 1024:1135 2048:5 4096:190 8192:20 32768:1 }
[DEBUG][34567] [PR] iter=0 L1=7.359189e-01 dangling=0.000000 top5=[0:2.065321e-03,2048:6.850151e-04,524288:6.719448e-04,32768:6.717762e-04,16:6.695321e-04]
[DEBUG][34611] [PR] iter=1 L1=2.764563e-01 dangling=0.000000 top5=[0:1.977436e-03,2048:7.280353e-04,16:7.193223e-04,32768:7.141277e-04,4096:7.132285e-04]
[DEBUG][34659] [PR] iter=2 L1=1.084242e-01 dangling=0.000000 top5=[0:1.996782e-03,2048:7.615142e-04,16:7.534518e-04,32768:7.500042e-04,65536:7.484797e-04]
[DEBUG][34760] [PR] iter=5 L1=4.868588e-03 dangling=0.000000 top5=[0:1.979589e-03,2048:7.710625e-04,16:7.629700e-04,32768:7.604694e-04,65536:7.596635e-04]
[DEBUG][34915] [PR] iter=10 L1=1.394346e-03 dangling=0.000000 top5=[0:1.955671e-03,2048:7.623557e-04,16:7.543327e-04,32768:7.519260e-04,65536:7.511407e-04]
[DEBUG][35070] [PR] iter=15 L1=5.906809e-04 dangling=0.000000 top5=[0:1.945180e-03,2048:7.580703e-04,16:7.500831e-04,32768:7.476889e-04,65536:7.468978e-04]
[DEBUG][35200] [PR] iter=19 L1=2.971558e-04 dangling=0.000000 top5=[0:1.941345e-03,2048:7.564997e-04,16:7.485257e-04,32768:7.461358e-04,65536:7.453424e-04]
[DEBUG][PR Stats] iters=20 early_stop=no time_ms=677.14
  residuals=[7.3592e-01,2.7646e-01,1.0842e-01,4.1059e-02,1.4818e-02,4.8686e-03,2.7793e-03,2.3370e-03,1.9668e-03,1.6559e-03,1.3943e-03,1.1742e-03,9.8887e-04,8.3280e-04,7.0137e-04,5.9068e-04,4.9746e-04,4.1896e-04,3.5284e-04,2.9716e-04]
  dangling_sums=[0.000000,0.000000,0.000000,0.000000,0.000000,0.000000,0.000000,0.000000,0.000000,0.000000,0.000000,0.000000,0.000000,0.000000,0.000000,0.000000,0.000000,0.000000,0.000000,0.000000]
  FAIL: PR scores sum ~1.0 (got 0.947654)
[INFO][35215] Generating RMAT graph: V=1000000 target_E=16000000
[INFO][42086] [DEBUG][RMAT] V=1000000 E=15360228 deg_distribution={0:466931 1:140907 2:115899 4:96081 8:51490 16:67200 32:17144 64:22645 128:15505 256:2 512:4845 1024:1135 2048:5 4096:190 8192:20 32768:1 }
[DEBUG][42099] [SSSP] iter=1 bin=0 frontier=1
[DEBUG][42099] [SSSP] iter=2 bin=1 frontier=7722
[DEBUG][42114] [SSSP] iter=3 bin=2 frontier=113822
[DEBUG][42184] [SSSP] iter=4 bin=3 frontier=165282
[DEBUG][42230] [SSSP] iter=5 bin=4 frontier=139436
[DEBUG][SSSP Stats] {
  iters=12 relaxations=24510610 successful=1184804 max_bin=11 overflows=0 time_ms=194.99
  distance_histogram={0:7308 1:230598 2:111346 3:64576 4:45356 5:34609 6:10018 7:930 8:375 9:175 10:60 11:8 999999:494641 }
}
[INFO][42309] Generating RMAT graph: V=1000000 target_E=16000000
[INFO][49189] [DEBUG][RMAT] V=1000000 E=15360228 deg_distribution={0:466931 1:140907 2:115899 4:96081 8:51490 16:67200 32:17144 64:22645 128:15505 256:2 512:4845 1024:1135 2048:5 4096:190 8192:20 32768:1 }
[DEBUG][49240] [WCC] iter=1 merges=629011 change=yes
[DEBUG][49263] [WCC] iter=2 merges=0 change=no
[INFO][49292] [WCC] components=370989 top5=[root=0:sz=628814, root=241036:sz=3, root=464083:sz=3, root=571798:sz=2, root=518248:sz=2]
[DEBUG][WCC Stats] {
  iters=2 total_merges=629011 components=370989 largest=628814 time_ms=85.92
  merges_per_iter=[629011,0]
}
[INFO][49313] Generating RMAT graph: V=1000000 target_E=16000000
[INFO][56189] [DEBUG][RMAT] V=1000000 E=15360228 deg_distribution={0:466931 1:140907 2:115899 4:96081 8:51490 16:67200 32:17144 64:22645 128:15505 256:2 512:4845 1024:1135 2048:5 4096:190 8192:20 32768:1 }
[DEBUG][56207] [BFS] level=1 frontier=38007 edges=38007 mode=TD scout=9089003
[DEBUG][56224] [BFS] level=2 frontier=433157 edges=433157 mode=BU scout=9089003
[DEBUG][56228] [BFS] level=3 frontier=60582 edges=60582 mode=BU scout=9089003
[DEBUG][56231] [BFS] level=4 frontier=503 edges=503 mode=TD scout=1
[DEBUG][56231] [BFS] level=5 frontier=9 edges=9 mode=TD scout=9
[DEBUG][56261] [WCC] iter=1 merges=629011 change=yes
[DEBUG][56283] [WCC] iter=2 merges=0 change=no
[INFO][56312] [WCC] components=370989 top5=[root=0:sz=628814, root=241036:sz=3, root=464083:sz=3, root=571798:sz=2, root=518248:sz=2]
[INFO][56332] Generating RMAT graph: V=1000000 target_E=16000000
[INFO][63209] [DEBUG][RMAT] V=1000000 E=15360228 deg_distribution={0:466931 1:140907 2:115899 4:96081 8:51490 16:67200 32:17144 64:22645 128:15505 256:2 512:4845 1024:1135 2048:5 4096:190 8192:20 32768:1 }
[DEBUG][63227] [BFS] level=1 frontier=38007 edges=38007 mode=TD scout=9089003
[DEBUG][63244] [BFS] level=2 frontier=433157 edges=433157 mode=BU scout=9089003
[DEBUG][63248] [BFS] level=3 frontier=60582 edges=60582 mode=BU scout=9089003
[DEBUG][63251] [BFS] level=4 frontier=503 edges=503 mode=TD scout=1
[DEBUG][63251] [BFS] level=5 frontier=9 edges=9 mode=TD scout=9
[DEBUG][63291] [PR] iter=0 L1=7.359189e-01 dangling=0.000000 top5=[0:2.065321e-03,2048:6.850151e-04,524288:6.719448e-04,32768:6.717762e-04,16:6.695321e-04]
[DEBUG][63325] [PR] iter=1 L1=2.764563e-01 dangling=0.000000 top5=[0:1.977436e-03,2048:7.280353e-04,16:7.193223e-04,32768:7.141277e-04,4096:7.132285e-04]
[DEBUG][63359] [PR] iter=2 L1=1.084242e-01 dangling=0.000000 top5=[0:1.996782e-03,2048:7.615142e-04,16:7.534518e-04,32768:7.500042e-04,65536:7.484797e-04]
[DEBUG][63446] [PR] iter=5 L1=4.868588e-03 dangling=0.000000 top5=[0:1.979589e-03,2048:7.710625e-04,16:7.629700e-04,32768:7.604694e-04,65536:7.596635e-04]
[DEBUG][63587] [PR] iter=10 L1=1.394346e-03 dangling=0.000000 top5=[0:1.955671e-03,2048:7.623557e-04,16:7.543327e-04,32768:7.519260e-04,65536:7.511407e-04]
[DEBUG][63727] [PR] iter=15 L1=5.906809e-04 dangling=0.000000 top5=[0:1.945180e-03,2048:7.580703e-04,16:7.500831e-04,32768:7.476889e-04,65536:7.468978e-04]
[DEBUG][63840] [PR] iter=19 L1=2.971558e-04 dangling=0.000000 top5=[0:1.941345e-03,2048:7.564997e-04,16:7.485257e-04,32768:7.461358e-04,65536:7.453424e-04]
[DEBUG][63846] [SSSP] iter=1 bin=0 frontier=1
[DEBUG][63846] [SSSP] iter=2 bin=1 frontier=7722
[DEBUG][63860] [SSSP] iter=3 bin=2 frontier=113822
[DEBUG][63931] [SSSP] iter=4 bin=3 frontier=165282
[DEBUG][63977] [SSSP] iter=5 bin=4 frontier=139436
[DEBUG][64077] [WCC] iter=1 merges=629011 change=yes
[DEBUG][64101] [WCC] iter=2 merges=0 change=no
[INFO][64134] [WCC] components=370989 top5=[root=0:sz=628814, root=241036:sz=3, root=464083:sz=3, root=571798:sz=2, root=518248:sz=2]
[DEBUG][Timer:FullBench] events=[
  {"label":"graph_gen", "ms":6893.467, "count":15360228},
  {"label":"BFS", "ms":25.331, "count":532258},
  {"label":"PageRank", "ms":591.742, "count":20},
  {"label":"SSSP", "ms":198.512, "count":1184804},
  {"label":"WCC", "ms":100.765, "count":629011},
]
[DEBUG][Logger] severity_histogram={TRACE:0, DEBUG:47, INFO:25, WARN:3, ERROR:0, FATAL:0}, total_bytes=7273
