[DEBUG][Timer:test_timer] events=[
  {"label":"phase1", "ms":10.068, "count":100},
  {"label":"phase2", "ms":5.091, "count":200},
]
[INFO][16572] Test log INFO message
[DEBUG][16572] Test log DEBUG message
[WARN][16572] Test log WARN message
[DEBUG][Logger] severity_histogram={TRACE:0, DEBUG:1, INFO:1, WARN:1, ERROR:0, FATAL:0}, total_bytes=124
[ERROR_CTX] type=FILE_NOT_FOUND msg="test.el missing" at experiment/m145_m146_algo_reader_utils_experiment.cpp:1242
[INFO][16573] EdgeListReader opened: /tmp/philemon_test_edges.el weighted=false
Edge{0->1, w=0.840}Edge{0->2, w=0.701}Edge{1->2, w=0.561}[WARN][16573] Invalid edge line #1: invalid
[INFO][16573] EdgeReader EOF: 7 edges, 1 invalid
[DEBUG][Reader] lines_read=7 bytes=70 rate=53793.6 lines/s
[INFO][16573] VertexReader opened: /tmp/philemon_test_vertices.txt
[INFO][16573] VertexReader EOF: 7 vertices
[DEBUG][Reader] lines_read=7 bytes=28 rate=148559.6 lines/s
[INFO][16573] EdgeListReader opened: /tmp/philemon_test_weighted.wel weighted=true
[INFO][16573] EdgeReader EOF: 3 edges, 0 invalid
[INFO][16573] EdgeListReader opened: /tmp/philemon_test_batch.el weighted=false
[INFO][16575] EdgeReader EOF: 1000 edges, 0 invalid
[DEBUG][16575] Config: unrecognized key 'unknown_key'
[INFO][16575] Config loaded from /tmp/philemon_test.cfg
[DEBUG][DriverConfig] {
  threads=8 seed=123 vertices=50000
  BFS: alpha=15 beta=18 source=42
  SSSP: delta=2.0 source=0
  PR: iters=20 damping=0.8
  insert_delete_ckpt=10000 writer_threads=16 reader_threads=16
}
[DEBUG][DriverConfig] {
  threads=8 seed=123 vertices=50000
  BFS: alpha=15 beta=18 source=42
  SSSP: delta=2.0 source=0
  PR: iters=20 damping=0.8
  insert_delete_ckpt=10000 writer_threads=16 reader_threads=16
}
[WARN][16575] Config file not found: /tmp/nonexistent.cfg, using defaults
[INFO][16575] Generating RMAT graph: V=1000 target_E=16000
[INFO][16579] [DEBUG][RMAT] V=1000 E=11854 deg_distribution={0:211 1:135 2:168 4:157 8:145 16:99 32:30 64:44 128:10 256:1 }
[GRAPH] v=0 deg=356 neighbors=[1(w=3.23) 2(w=7.43) 3(w=1.45) 4(w=2.06) 5(w=8.37) 6(w=5.70) 7(w=8.57) 8(w=6.74) 9(w=2.22) 10(w=9.71) ... +346 more]
[DEBUG][16579] [BFS] level=1 frontier=356 edges=356 mode=TD scout=9503
[DEBUG][16579] [BFS] level=2 frontier=415 edges=415 mode=BU scout=9503
[DEBUG][16579] [BFS] level=3 frontier=14 edges=14 mode=TD scout=1
[DEBUG][16579] [BFS] level=4 frontier=0 edges=0 mode=TD scout=0
[DEBUG][BFS Stats] {
  total_edges=785 td_steps=2 bu_steps=2 switches=2 time_ms=0.08
  frontier_sizes=[1,356,415,14]
  edges_per_level=[356,415,14,0]
}
[INFO][16579] Generating RMAT graph: V=1000 target_E=16000
[INFO][16583] [DEBUG][RMAT] V=1000 E=11854 deg_distribution={0:211 1:135 2:168 4:157 8:145 16:99 32:30 64:44 128:10 256:1 }
[DEBUG][16583] [PR] iter=0 L1=9.136473e-01 dangling=0.000211 top5=[0:4.006711e-02,128:1.858282e-02,64:1.607655e-02,1:1.561627e-02,32:1.531317e-02]
[DEBUG][16583] [PR] iter=1 L1=2.247454e-01 dangling=0.000069 top5=[0:2.785190e-02,128:1.464915e-02,32:1.330040e-02,4:1.324921e-02,64:1.281396e-02]
[DEBUG][16583] [PR] iter=2 L1=5.123436e-02 dangling=0.000044 top5=[0:2.859162e-02,128:1.483673e-02,4:1.396800e-02,64:1.380007e-02,32:1.351734e-02]
[DEBUG][16583] [PR] iter=5 L1=4.462545e-03 dangling=0.000039 top5=[0:2.760628e-02,128:1.446055e-02,4:1.364495e-02,64:1.339325e-02,32:1.319377e-02]
[DEBUG][16583] [PR] iter=10 L1=1.868148e-03 dangling=0.000039 top5=[0:2.720153e-02,128:1.424377e-02,4:1.343260e-02,64:1.318783e-02,32:1.299167e-02]
[DEBUG][16583] [PR] iter=15 L1=7.807923e-04 dangling=0.000039 top5=[0:2.703233e-02,128:1.415253e-02,4:1.334285e-02,64:1.310104e-02,32:1.290636e-02]
[DEBUG][16583] [PR] iter=19 L1=3.885371e-04 dangling=0.000039 top5=[0:2.697129e-02,128:1.411961e-02,4:1.331047e-02,64:1.306974e-02,32:1.287558e-02]
[DEBUG][PR Stats] iters=20 early_stop=no time_ms=0.34
  residuals=[9.1365e-01,2.2475e-01,5.1234e-02,1.2407e-02,5.2153e-03,4.4625e-03,3.7467e-03,3.1531e-03,2.6480e-03,2.2243e-03,1.8681e-03,1.5691e-03,1.3178e-03,1.1068e-03,9.2963e-04,7.8079e-04,6.5578e-04,5.5079e-04,4.6260e-04,3.8854e-04]
  dangling_sums=[0.000211,0.000069,0.000044,0.000040,0.000039,0.000039,0.000039,0.000039,0.000039,0.000039,0.000039,0.000039,0.000039,0.000039,0.000039,0.000039,0.000039,0.000039,0.000039,0.000039]
[INFO][16583] Generating RMAT graph: V=1000 target_E=16000
[INFO][16587] [DEBUG][RMAT] V=1000 E=11854 deg_distribution={0:211 1:135 2:168 4:157 8:145 16:99 32:30 64:44 128:10 256:1 }
[DEBUG][16587] [SSSP] iter=1 bin=0 frontier=1
[DEBUG][16587] [SSSP] iter=2 bin=1 frontier=65
[DEBUG][16587] [SSSP] iter=3 bin=2 frontier=213
[DEBUG][16587] [SSSP] iter=4 bin=3 frontier=244
[DEBUG][16587] [SSSP] iter=5 bin=4 frontier=180
[DEBUG][SSSP Stats] {
  iters=9 relaxations=14876 successful=1424 max_bin=8 overflows=0 time_ms=0.14
  distance_histogram={0:72 1:281 2:203 3:101 4:59 5:27 6:8 7:3 999999:246 }
}
[INFO][16587] Generating RMAT graph: V=1000 target_E=16000
[INFO][16591] [DEBUG][RMAT] V=1000 E=11854 deg_distribution={0:211 1:135 2:168 4:157 8:145 16:99 32:30 64:44 128:10 256:1 }
[DEBUG][16591] [WCC] iter=1 merges=874 change=yes
[DEBUG][16591] [WCC] iter=2 merges=0 change=no
[INFO][16591] [WCC] components=126 top5=[root=0:sz=875, root=991:sz=1, root=971:sz=1, root=967:sz=1, root=999:sz=1]
[DEBUG][WCC Stats] {
  iters=2 total_merges=874 components=126 largest=875 time_ms=0.09
  merges_per_iter=[874,0]
}
[INFO][16591] Generating RMAT graph: V=1000 target_E=16000
[INFO][16595] [DEBUG][RMAT] V=1000 E=11854 deg_distribution={0:211 1:135 2:168 4:157 8:145 16:99 32:30 64:44 128:10 256:1 }
[DEBUG][16595] [BFS] level=1 frontier=356 edges=356 mode=TD scout=9503
[DEBUG][16595] [BFS] level=2 frontier=415 edges=415 mode=BU scout=9503
[DEBUG][16595] [BFS] level=3 frontier=14 edges=14 mode=TD scout=1
[DEBUG][16595] [BFS] level=4 frontier=0 edges=0 mode=TD scout=0
[DEBUG][16595] [WCC] iter=1 merges=874 change=yes
[DEBUG][16595] [WCC] iter=2 merges=0 change=no
[INFO][16595] [WCC] components=126 top5=[root=0:sz=875, root=991:sz=1, root=971:sz=1, root=967:sz=1, root=999:sz=1]
[INFO][16595] Generating RMAT graph: V=1000 target_E=16000
[INFO][16599] [DEBUG][RMAT] V=1000 E=11854 deg_distribution={0:211 1:135 2:168 4:157 8:145 16:99 32:30 64:44 128:10 256:1 }
[DEBUG][16599] [BFS] level=1 frontier=356 edges=356 mode=TD scout=9503
[DEBUG][16599] [BFS] level=2 frontier=415 edges=415 mode=BU scout=9503
[DEBUG][16599] [BFS] level=3 frontier=14 edges=14 mode=TD scout=1
[DEBUG][16599] [BFS] level=4 frontier=0 edges=0 mode=TD scout=0
[DEBUG][16599] [PR] iter=0 L1=9.136473e-01 dangling=0.000211 top5=[0:4.006711e-02,128:1.858282e-02,64:1.607655e-02,1:1.561627e-02,32:1.531317e-02]
[DEBUG][16599] [PR] iter=1 L1=2.247454e-01 dangling=0.000069 top5=[0:2.785190e-02,128:1.464915e-02,32:1.330040e-02,4:1.324921e-02,64:1.281396e-02]
[DEBUG][16599] [PR] iter=2 L1=5.123436e-02 dangling=0.000044 top5=[0:2.859162e-02,128:1.483673e-02,4:1.396800e-02,64:1.380007e-02,32:1.351734e-02]
[DEBUG][16599] [PR] iter=5 L1=4.462545e-03 dangling=0.000039 top5=[0:2.760628e-02,128:1.446055e-02,4:1.364495e-02,64:1.339325e-02,32:1.319377e-02]
[DEBUG][16599] [PR] iter=10 L1=1.868148e-03 dangling=0.000039 top5=[0:2.720153e-02,128:1.424377e-02,4:1.343260e-02,64:1.318783e-02,32:1.299167e-02]
[DEBUG][16599] [PR] iter=15 L1=7.807923e-04 dangling=0.000039 top5=[0:2.703233e-02,128:1.415253e-02,4:1.334285e-02,64:1.310104e-02,32:1.290636e-02]
[DEBUG][16599] [PR] iter=19 L1=3.885371e-04 dangling=0.000039 top5=[0:2.697129e-02,128:1.411961e-02,4:1.331047e-02,64:1.306974e-02,32:1.287558e-02]
[DEBUG][16599] [SSSP] iter=1 bin=0 frontier=1
[DEBUG][16599] [SSSP] iter=2 bin=1 frontier=65
[DEBUG][16599] [SSSP] iter=3 bin=2 frontier=213
[DEBUG][16599] [SSSP] iter=4 bin=3 frontier=244
[DEBUG][16599] [SSSP] iter=5 bin=4 frontier=180
[DEBUG][16599] [WCC] iter=1 merges=874 change=yes
[DEBUG][16599] [WCC] iter=2 merges=0 change=no
[INFO][16599] [WCC] components=126 top5=[root=0:sz=875, root=991:sz=1, root=971:sz=1, root=967:sz=1, root=999:sz=1]
[DEBUG][Timer:FullBench] events=[
  {"label":"graph_gen", "ms":3.686, "count":11854},
  {"label":"BFS", "ms":0.078, "count":785},
  {"label":"PageRank", "ms":0.337, "count":20},
  {"label":"SSSP", "ms":0.136, "count":1424},
  {"label":"WCC", "ms":0.090, "count":874},
]
[DEBUG][Logger] severity_histogram={TRACE:0, DEBUG:44, INFO:25, WARN:3, ERROR:0, FATAL:0}, total_bytes=6248
