[DEBUG][Timer:test_timer] events=[
  {"label":"phase1", "ms":10.071, "count":100},
  {"label":"phase2", "ms":5.088, "count":200},
]
[INFO][16634] Test log INFO message
[DEBUG][16634] Test log DEBUG message
[WARN][16634] Test log WARN message
[DEBUG][Logger] severity_histogram={TRACE:0, DEBUG:1, INFO:1, WARN:1, ERROR:0, FATAL:0}, total_bytes=124
[ERROR_CTX] type=FILE_NOT_FOUND msg="test.el missing" at experiment/m145_m146_algo_reader_utils_experiment.cpp:1242
[INFO][16635] EdgeListReader opened: /tmp/philemon_test_edges.el weighted=false
Edge{0->1, w=0.840}Edge{0->2, w=0.701}Edge{1->2, w=0.561}[WARN][16635] Invalid edge line #1: invalid
[INFO][16635] EdgeReader EOF: 7 edges, 1 invalid
[DEBUG][Reader] lines_read=7 bytes=70 rate=51475.8 lines/s
[INFO][16635] VertexReader opened: /tmp/philemon_test_vertices.txt
[INFO][16635] VertexReader EOF: 7 vertices
[DEBUG][Reader] lines_read=7 bytes=28 rate=139184.5 lines/s
[INFO][16635] EdgeListReader opened: /tmp/philemon_test_weighted.wel weighted=true
[INFO][16635] EdgeReader EOF: 3 edges, 0 invalid
[INFO][16635] EdgeListReader opened: /tmp/philemon_test_batch.el weighted=false
[INFO][16637] EdgeReader EOF: 1000 edges, 0 invalid
[DEBUG][16637] Config: unrecognized key 'unknown_key'
[INFO][16637] Config loaded from /tmp/philemon_test.cfg
[DEBUG][DriverConfig] {
  threads=8 seed=123 vertices=50000
  BFS: alpha=15 beta=18 source=42
  SSSP: delta=2.0 source=0
  PR: iters=20 damping=0.8
  insert_delete_ckpt=10000 writer_threads=16 reader_threads=16
}
[DEBUG][DriverConfig] {
  threads=8 seed=123 vertices=50000
  BFS: alpha=15 beta=18 source=42
  SSSP: delta=2.0 source=0
  PR: iters=20 damping=0.8
  insert_delete_ckpt=10000 writer_threads=16 reader_threads=16
}
[WARN][16637] Config file not found: /tmp/nonexistent.cfg, using defaults
[INFO][16637] Generating RMAT graph: V=10000 target_E=160000
[INFO][16687] [DEBUG][RMAT] V=10000 E=143134 deg_distribution={0:2587 1:1399 2:1550 4:1388 8:1376 16:551 32:672 64:353 128:19 256:90 512:14 1024:1 }
[GRAPH] v=0 deg=1696 neighbors=[1(w=6.22) 2(w=6.18) 3(w=0.44) 4(w=5.61) 5(w=2.77) 6(w=2.48) 7(w=5.52) 8(w=5.60) 9(w=6.34) 10(w=0.94) ... +1686 more]
[DEBUG][16688] [BFS] level=1 frontier=1696 edges=1696 mode=TD scout=96106
[DEBUG][16688] [BFS] level=2 frontier=5300 edges=5300 mode=BU scout=96106
[DEBUG][16688] [BFS] level=3 frontier=407 edges=407 mode=TD scout=1
[DEBUG][16688] [BFS] level=4 frontier=4 edges=4 mode=TD scout=4
[DEBUG][16688] [BFS] level=5 frontier=0 edges=0 mode=TD scout=0
[DEBUG][BFS Stats] {
  total_edges=7407 td_steps=3 bu_steps=2 switches=2 time_ms=0.32
  frontier_sizes=[1,1696,5300,407,4]
  edges_per_level=[1696,5300,407,4,0]
}
[INFO][16688] Generating RMAT graph: V=10000 target_E=160000
[INFO][16738] [DEBUG][RMAT] V=10000 E=143134 deg_distribution={0:2587 1:1399 2:1550 4:1388 8:1376 16:551 32:672 64:353 128:19 256:90 512:14 1024:1 }
[DEBUG][16739] [PR] iter=0 L1=9.016160e-01 dangling=0.000026 top5=[0:1.449472e-02,8:5.322030e-03,128:5.234196e-03,2048:5.230604e-03,32:5.153788e-03]
[DEBUG][16739] [PR] iter=1 L1=2.185577e-01 dangling=0.000010 top5=[0:1.124347e-02,256:4.844461e-03,128:4.782193e-03,8192:4.701036e-03,8:4.679671e-03]
[DEBUG][16739] [PR] iter=2 L1=5.090590e-02 dangling=0.000006 top5=[0:1.113953e-02,256:4.909443e-03,128:4.814489e-03,8192:4.734227e-03,2048:4.634629e-03]
[DEBUG][16740] [PR] iter=5 L1=3.683236e-03 dangling=0.000005 top5=[0:1.081585e-02,256:4.843800e-03,128:4.730000e-03,8192:4.658173e-03,2048:4.553306e-03]
[DEBUG][16740] [PR] iter=10 L1=1.564776e-03 dangling=0.000005 top5=[0:1.068191e-02,256:4.780310e-03,128:4.669022e-03,8192:4.597992e-03,2048:4.495023e-03]
[DEBUG][16741] [PR] iter=15 L1=6.612797e-04 dangling=0.000005 top5=[0:1.062590e-02,256:4.753307e-03,128:4.643213e-03,8192:4.572504e-03,2048:4.470403e-03]
[DEBUG][16741] [PR] iter=19 L1=3.319932e-04 dangling=0.000005 top5=[0:1.060548e-02,256:4.743466e-03,128:4.633806e-03,8192:4.563215e-03,2048:4.461431e-03]
[DEBUG][PR Stats] iters=20 early_stop=no time_ms=2.88
  residuals=[9.0162e-01,2.1856e-01,5.0906e-02,1.1001e-02,4.3441e-03,3.6832e-03,3.1124e-03,2.6226e-03,2.2082e-03,1.8589e-03,1.5648e-03,1.3172e-03,1.1087e-03,9.3328e-04,7.8560e-04,6.6128e-04,5.5664e-04,4.6855e-04,3.9441e-04,3.3199e-04]
  dangling_sums=[0.000026,0.000010,0.000006,0.000005,0.000005,0.000005,0.000005,0.000005,0.000005,0.000005,0.000005,0.000005,0.000005,0.000005,0.000005,0.000005,0.000005,0.000005,0.000005,0.000005]
[INFO][16742] Generating RMAT graph: V=10000 target_E=160000
[INFO][16790] [DEBUG][RMAT] V=10000 E=143134 deg_distribution={0:2587 1:1399 2:1550 4:1388 8:1376 16:551 32:672 64:353 128:19 256:90 512:14 1024:1 }
[DEBUG][16790] [SSSP] iter=1 bin=0 frontier=1
[DEBUG][16790] [SSSP] iter=2 bin=1 frontier=335
[DEBUG][16790] [SSSP] iter=3 bin=2 frontier=1792
[DEBUG][16791] [SSSP] iter=4 bin=3 frontier=2356
[DEBUG][16791] [SSSP] iter=5 bin=4 frontier=1982
[DEBUG][SSSP Stats] {
  iters=12 relaxations=202756 successful=15598 max_bin=11 overflows=0 time_ms=0.90
  distance_histogram={0:344 1:2866 2:1803 3:887 4:592 5:424 6:150 7:18 8:6 9:3 10:1 11:1 999999:2905 }
}
[INFO][16791] Generating RMAT graph: V=10000 target_E=160000
[INFO][16840] [DEBUG][RMAT] V=10000 E=143134 deg_distribution={0:2587 1:1399 2:1550 4:1388 8:1376 16:551 32:672 64:353 128:19 256:90 512:14 1024:1 }
[DEBUG][16840] [WCC] iter=1 merges=8285 change=yes
[DEBUG][16840] [WCC] iter=2 merges=0 change=no
[INFO][16840] [WCC] components=1715 top5=[root=0:sz=8286, root=9982:sz=1, root=9974:sz=1, root=9973:sz=1, root=9997:sz=1]
[DEBUG][WCC Stats] {
  iters=2 total_merges=8285 components=1715 largest=8286 time_ms=0.53
  merges_per_iter=[8285,0]
}
[INFO][16840] Generating RMAT graph: V=10000 target_E=160000
[INFO][16889] [DEBUG][RMAT] V=10000 E=143134 deg_distribution={0:2587 1:1399 2:1550 4:1388 8:1376 16:551 32:672 64:353 128:19 256:90 512:14 1024:1 }
[DEBUG][16889] [BFS] level=1 frontier=1696 edges=1696 mode=TD scout=96106
[DEBUG][16889] [BFS] level=2 frontier=5300 edges=5300 mode=BU scout=96106
[DEBUG][16889] [BFS] level=3 frontier=407 edges=407 mode=TD scout=1
[DEBUG][16889] [BFS] level=4 frontier=4 edges=4 mode=TD scout=4
[DEBUG][16889] [BFS] level=5 frontier=0 edges=0 mode=TD scout=0
[DEBUG][16890] [WCC] iter=1 merges=8285 change=yes
[DEBUG][16890] [WCC] iter=2 merges=0 change=no
[INFO][16890] [WCC] components=1715 top5=[root=0:sz=8286, root=9982:sz=1, root=9974:sz=1, root=9973:sz=1, root=9997:sz=1]
[INFO][16890] Generating RMAT graph: V=10000 target_E=160000
[INFO][16939] [DEBUG][RMAT] V=10000 E=143134 deg_distribution={0:2587 1:1399 2:1550 4:1388 8:1376 16:551 32:672 64:353 128:19 256:90 512:14 1024:1 }
[DEBUG][16939] [BFS] level=1 frontier=1696 edges=1696 mode=TD scout=96106
[DEBUG][16939] [BFS] level=2 frontier=5300 edges=5300 mode=BU scout=96106
[DEBUG][16939] [BFS] level=3 frontier=407 edges=407 mode=TD scout=1
[DEBUG][16939] [BFS] level=4 frontier=4 edges=4 mode=TD scout=4
[DEBUG][16939] [BFS] level=5 frontier=0 edges=0 mode=TD scout=0
[DEBUG][16939] [PR] iter=0 L1=9.016160e-01 dangling=0.000026 top5=[0:1.449472e-02,8:5.322030e-03,128:5.234196e-03,2048:5.230604e-03,32:5.153788e-03]
[DEBUG][16939] [PR] iter=1 L1=2.185577e-01 dangling=0.000010 top5=[0:1.124347e-02,256:4.844461e-03,128:4.782193e-03,8192:4.701036e-03,8:4.679671e-03]
[DEBUG][16940] [PR] iter=2 L1=5.090590e-02 dangling=0.000006 top5=[0:1.113953e-02,256:4.909443e-03,128:4.814489e-03,8192:4.734227e-03,2048:4.634629e-03]
[DEBUG][16940] [PR] iter=5 L1=3.683236e-03 dangling=0.000005 top5=[0:1.081585e-02,256:4.843800e-03,128:4.730000e-03,8192:4.658173e-03,2048:4.553306e-03]
[DEBUG][16941] [PR] iter=10 L1=1.564776e-03 dangling=0.000005 top5=[0:1.068191e-02,256:4.780310e-03,128:4.669022e-03,8192:4.597992e-03,2048:4.495023e-03]
[DEBUG][16941] [PR] iter=15 L1=6.612797e-04 dangling=0.000005 top5=[0:1.062590e-02,256:4.753307e-03,128:4.643213e-03,8192:4.572504e-03,2048:4.470403e-03]
[DEBUG][16942] [PR] iter=19 L1=3.319932e-04 dangling=0.000005 top5=[0:1.060548e-02,256:4.743466e-03,128:4.633806e-03,8192:4.563215e-03,2048:4.461431e-03]
[DEBUG][16942] [SSSP] iter=1 bin=0 frontier=1
[DEBUG][16942] [SSSP] iter=2 bin=1 frontier=335
[DEBUG][16942] [SSSP] iter=3 bin=2 frontier=1792
[DEBUG][16942] [SSSP] iter=4 bin=3 frontier=2356
[DEBUG][16942] [SSSP] iter=5 bin=4 frontier=1982
[DEBUG][16943] [WCC] iter=1 merges=8285 change=yes
[DEBUG][16943] [WCC] iter=2 merges=0 change=no
[INFO][16943] [WCC] components=1715 top5=[root=0:sz=8286, root=9982:sz=1, root=9974:sz=1, root=9973:sz=1, root=9997:sz=1]
[DEBUG][Timer:FullBench] events=[
  {"label":"graph_gen", "ms":48.633, "count":143134},
  {"label":"BFS", "ms":0.291, "count":7407},
  {"label":"PageRank", "ms":2.885, "count":20},
  {"label":"SSSP", "ms":0.912, "count":15598},
  {"label":"WCC", "ms":0.543, "count":8285},
]
[DEBUG][Logger] severity_histogram={TRACE:0, DEBUG:47, INFO:25, WARN:3, ERROR:0, FATAL:0}, total_bytes=6737
