[DEBUG][Timer:test_timer] events=[
  {"label":"phase1", "ms":10.064, "count":100},
  {"label":"phase2", "ms":5.092, "count":200},
]
[INFO][82492] Test log INFO message
[DEBUG][82492] Test log DEBUG message
[WARN][82492] Test log WARN message
[DEBUG][Logger] severity_histogram={TRACE:0, DEBUG:1, INFO:1, WARN:1, ERROR:0, FATAL:0}, total_bytes=124
[ERROR_CTX] type=FILE_NOT_FOUND msg="test.el missing" at experiment/m145_m146_algo_reader_utils_experiment.cpp:1242
[INFO][82492] EdgeListReader opened: /tmp/philemon_test_edges.el weighted=false
Edge{0->1, w=0.840}Edge{0->2, w=0.701}Edge{1->2, w=0.561}[WARN][82492] Invalid edge line #1: invalid
[INFO][82492] EdgeReader EOF: 7 edges, 1 invalid
[DEBUG][Reader] lines_read=7 bytes=70 rate=51200.0 lines/s
[INFO][82492] VertexReader opened: /tmp/philemon_test_vertices.txt
[INFO][82492] VertexReader EOF: 7 vertices
[DEBUG][Reader] lines_read=7 bytes=28 rate=139184.5 lines/s
[INFO][82492] EdgeListReader opened: /tmp/philemon_test_weighted.wel weighted=true
[INFO][82492] EdgeReader EOF: 3 edges, 0 invalid
[INFO][82492] EdgeListReader opened: /tmp/philemon_test_batch.el weighted=false
[INFO][82494] EdgeReader EOF: 1000 edges, 0 invalid
[DEBUG][82494] Config: unrecognized key 'unknown_key'
[INFO][82494] Config loaded from /tmp/philemon_test.cfg
[DEBUG][DriverConfig] {
  threads=8 seed=123 vertices=50000
  BFS: alpha=15 beta=18 source=42
  SSSP: delta=2.0 source=0
  PR: iters=20 damping=0.8
  insert_delete_ckpt=10000 writer_threads=16 reader_threads=16
}
[DEBUG][DriverConfig] {
  threads=8 seed=123 vertices=50000
  BFS: alpha=15 beta=18 source=42
  SSSP: delta=2.0 source=0
  PR: iters=20 damping=0.8
  insert_delete_ckpt=10000 writer_threads=16 reader_threads=16
}
[WARN][82494] Config file not found: /tmp/nonexistent.cfg, using defaults
[INFO][82494] Generating RMAT graph: V=100000 target_E=1600000
[INFO][83092] [DEBUG][RMAT] V=100000 E=1498247 deg_distribution={0:36802 1:14568 2:13368 4:11974 8:8403 16:5588 32:5862 64:372 128:2218 256:685 512:6 1024:136 2048:17 4096:1 }
[GRAPH] v=0 deg=8126 neighbors=[1(w=7.64) 2(w=0.54) 3(w=3.41) 4(w=3.87) 5(w=3.24) 6(w=6.16) 7(w=8.81) 8(w=7.12) 9(w=8.95) 10(w=7.21) ... +8116 more]
[DEBUG][83095] [BFS] level=1 frontier=8126 edges=8126 mode=TD scout=940243
[DEBUG][83097] [BFS] level=2 frontier=49428 edges=49428 mode=BU scout=940243
[DEBUG][83097] [BFS] level=3 frontier=5469 edges=5469 mode=TD scout=1
[DEBUG][83098] [BFS] level=4 frontier=50 edges=50 mode=TD scout=50
[DEBUG][83098] [BFS] level=5 frontier=0 edges=0 mode=TD scout=0
[DEBUG][BFS Stats] {
  total_edges=63073 td_steps=3 bu_steps=2 switches=2 time_ms=2.62
  frontier_sizes=[1,8126,49428,5469,50]
  edges_per_level=[8126,49428,5469,50,0]
}
[INFO][83100] Generating RMAT graph: V=100000 target_E=1600000
[INFO][83697] [DEBUG][RMAT] V=100000 E=1498247 deg_distribution={0:36802 1:14568 2:13368 4:11974 8:8403 16:5588 32:5862 64:372 128:2218 256:685 512:6 1024:136 2048:17 4096:1 }
[DEBUG][83700] [PR] iter=0 L1=8.283075e-01 dangling=0.000004 top5=[0:5.535771e-03,16384:1.924133e-03,65536:1.886581e-03,2:1.862351e-03,4:1.827850e-03]
[DEBUG][83702] [PR] iter=1 L1=2.489612e-01 dangling=0.000002 top5=[0:4.840470e-03,16384:1.867851e-03,65536:1.860474e-03,2:1.833521e-03,32768:1.828857e-03]
[DEBUG][83705] [PR] iter=2 L1=7.790115e-02 dangling=0.000001 top5=[0:4.778681e-03,16384:1.910718e-03,65536:1.901481e-03,128:1.879491e-03,2:1.878219e-03]
[DEBUG][83712] [PR] iter=5 L1=3.511853e-03 dangling=0.000001 top5=[0:4.661884e-03,16384:1.897986e-03,65536:1.884162e-03,128:1.869699e-03,32768:1.867143e-03]
[DEBUG][83722] [PR] iter=10 L1=1.505272e-03 dangling=0.000001 top5=[0:4.601905e-03,16384:1.873490e-03,65536:1.859599e-03,128:1.845341e-03,32768:1.842858e-03]
[DEBUG][83732] [PR] iter=15 L1=6.363305e-04 dangling=0.000001 top5=[0:4.577108e-03,16384:1.862869e-03,65536:1.849054e-03,128:1.834763e-03,32768:1.832317e-03]
[DEBUG][83740] [PR] iter=19 L1=3.195238e-04 dangling=0.000001 top5=[0:4.568070e-03,16384:1.858997e-03,65536:1.845209e-03,128:1.830906e-03,32768:1.828473e-03]
[DEBUG][PR Stats] iters=20 early_stop=no time_ms=43.27
  residuals=[8.2831e-01,2.4896e-01,7.7901e-02,2.2151e-02,6.0088e-03,3.5119e-03,2.9825e-03,2.5189e-03,2.1229e-03,1.7879e-03,1.5053e-03,1.2672e-03,1.0667e-03,8.9799e-04,7.5592e-04,6.3633e-04,5.3566e-04,4.5091e-04,3.7958e-04,3.1952e-04]
  dangling_sums=[0.000004,0.000002,0.000001,0.000001,0.000001,0.000001,0.000001,0.000001,0.000001,0.000001,0.000001,0.000001,0.000001,0.000001,0.000001,0.000001,0.000001,0.000001,0.000001,0.000001]
[INFO][83744] Generating RMAT graph: V=100000 target_E=1600000
[INFO][84342] [DEBUG][RMAT] V=100000 E=1498247 deg_distribution={0:36802 1:14568 2:13368 4:11974 8:8403 16:5588 32:5862 64:372 128:2218 256:685 512:6 1024:136 2048:17 4096:1 }
[DEBUG][84342] [SSSP] iter=1 bin=0 frontier=1
[DEBUG][84342] [SSSP] iter=2 bin=1 frontier=1605
[DEBUG][84343] [SSSP] iter=3 bin=2 frontier=13717
[DEBUG][84348] [SSSP] iter=4 bin=3 frontier=20313
[DEBUG][84351] [SSSP] iter=5 bin=4 frontier=17171
[DEBUG][SSSP Stats] {
  iters=13 relaxations=2416317 successful=140812 max_bin=13 overflows=0 time_ms=12.78
  distance_histogram={0:1545 1:26215 2:14453 3:7758 4:5194 5:3794 6:1369 7:141 8:51 9:16 10:11 11:3 13:1 999999:39449 }
}
[INFO][84359] Generating RMAT graph: V=100000 target_E=1600000
[INFO][84956] [DEBUG][RMAT] V=100000 E=1498247 deg_distribution={0:36802 1:14568 2:13368 4:11974 8:8403 16:5588 32:5862 64:372 128:2218 256:685 512:6 1024:136 2048:17 4096:1 }
[DEBUG][84959] [WCC] iter=1 merges=72764 change=yes
[DEBUG][84961] [WCC] iter=2 merges=0 change=no
[INFO][84962] [WCC] components=27236 top5=[root=0:sz=72739, root=48522:sz=2, root=28214:sz=2, root=54000:sz=2, root=65157:sz=2]
[DEBUG][WCC Stats] {
  iters=2 total_merges=72764 components=27236 largest=72739 time_ms=6.19
  merges_per_iter=[72764,0]
}
[INFO][84963] Generating RMAT graph: V=100000 target_E=1600000
[INFO][85541] [DEBUG][RMAT] V=100000 E=1498247 deg_distribution={0:36802 1:14568 2:13368 4:11974 8:8403 16:5588 32:5862 64:372 128:2218 256:685 512:6 1024:136 2048:17 4096:1 }
[DEBUG][85541] [BFS] level=1 frontier=8126 edges=8126 mode=TD scout=940243
[DEBUG][85543] [BFS] level=2 frontier=49428 edges=49428 mode=BU scout=940243
[DEBUG][85543] [BFS] level=3 frontier=5469 edges=5469 mode=TD scout=1
[DEBUG][85543] [BFS] level=4 frontier=50 edges=50 mode=TD scout=50
[DEBUG][85543] [BFS] level=5 frontier=0 edges=0 mode=TD scout=0
[DEBUG][85546] [WCC] iter=1 merges=72764 change=yes
[DEBUG][85548] [WCC] iter=2 merges=0 change=no
[INFO][85550] [WCC] components=27236 top5=[root=0:sz=72739, root=48522:sz=2, root=28214:sz=2, root=54000:sz=2, root=65157:sz=2]
[INFO][85550] Generating RMAT graph: V=100000 target_E=1600000
[INFO][86128] [DEBUG][RMAT] V=100000 E=1498247 deg_distribution={0:36802 1:14568 2:13368 4:11974 8:8403 16:5588 32:5862 64:372 128:2218 256:685 512:6 1024:136 2048:17 4096:1 }
[DEBUG][86129] [BFS] level=1 frontier=8126 edges=8126 mode=TD scout=940243
[DEBUG][86130] [BFS] level=2 frontier=49428 edges=49428 mode=BU scout=940243
[DEBUG][86131] [BFS] level=3 frontier=5469 edges=5469 mode=TD scout=1
[DEBUG][86131] [BFS] level=4 frontier=50 edges=50 mode=TD scout=50
[DEBUG][86131] [BFS] level=5 frontier=0 edges=0 mode=TD scout=0
[DEBUG][86134] [PR] iter=0 L1=8.283075e-01 dangling=0.000004 top5=[0:5.535771e-03,16384:1.924133e-03,65536:1.886581e-03,2:1.862351e-03,4:1.827850e-03]
[DEBUG][86137] [PR] iter=1 L1=2.489612e-01 dangling=0.000002 top5=[0:4.840470e-03,16384:1.867851e-03,65536:1.860474e-03,2:1.833521e-03,32768:1.828857e-03]
[DEBUG][86139] [PR] iter=2 L1=7.790115e-02 dangling=0.000001 top5=[0:4.778681e-03,16384:1.910718e-03,65536:1.901481e-03,128:1.879491e-03,2:1.878219e-03]
[DEBUG][86146] [PR] iter=5 L1=3.511853e-03 dangling=0.000001 top5=[0:4.661884e-03,16384:1.897986e-03,65536:1.884162e-03,128:1.869699e-03,32768:1.867143e-03]
[DEBUG][86156] [PR] iter=10 L1=1.505272e-03 dangling=0.000001 top5=[0:4.601905e-03,16384:1.873490e-03,65536:1.859599e-03,128:1.845341e-03,32768:1.842858e-03]
[DEBUG][86166] [PR] iter=15 L1=6.363305e-04 dangling=0.000001 top5=[0:4.577108e-03,16384:1.862869e-03,65536:1.849054e-03,128:1.834763e-03,32768:1.832317e-03]
[DEBUG][86174] [PR] iter=19 L1=3.195238e-04 dangling=0.000001 top5=[0:4.568070e-03,16384:1.858997e-03,65536:1.845209e-03,128:1.830906e-03,32768:1.828473e-03]
[DEBUG][86174] [SSSP] iter=1 bin=0 frontier=1
[DEBUG][86174] [SSSP] iter=2 bin=1 frontier=1605
[DEBUG][86175] [SSSP] iter=3 bin=2 frontier=13717
[DEBUG][86180] [SSSP] iter=4 bin=3 frontier=20313
[DEBUG][86182] [SSSP] iter=5 bin=4 frontier=17171
[DEBUG][86188] [WCC] iter=1 merges=72764 change=yes
[DEBUG][86189] [WCC] iter=2 merges=0 change=no
[INFO][86191] [WCC] components=27236 top5=[root=0:sz=72739, root=48522:sz=2, root=28214:sz=2, root=54000:sz=2, root=65157:sz=2]
[DEBUG][Timer:FullBench] events=[
  {"label":"graph_gen", "ms":578.370, "count":1498247},
  {"label":"BFS", "ms":2.411, "count":63073},
  {"label":"PageRank", "ms":43.096, "count":20},
  {"label":"SSSP", "ms":11.399, "count":140812},
  {"label":"WCC", "ms":6.206, "count":72764},
]
[DEBUG][Logger] severity_histogram={TRACE:0, DEBUG:47, INFO:25, WARN:3, ERROR:0, FATAL:0}, total_bytes=7013
